// Jest Snapshot v1, https://goo.gl/fbAQLP

exports[`Given an App should match snapshot 1`] = `
<h1>
  Hello World!
</h1>
`;
